;5;6;7;8;9
5;0.;1.;1.;2.;0.
6;1.;0.;0.;1.;1.
7;1.;0.;0.;1.;1.
8;2.;1.;1.;0.;2.
9;0.;1.;1.;2.;0.
